// Jest Snapshot v1, https://goo.gl/fbAQLP

exports[`Stock Table Row should display the stock 1`] = `"<tr class=\\"stock-table-row\\"><td class=\\"name\\"><a href=\\"https://www.wallstreet-online.de/aktien/deutsche-pfandbriefbank-aktie\\">Deutsche Pfandbriefbank</a></td><td class=\\"category\\"><a href=\\"https://www.wallstreet-online.de/aktien/branche/banken-aktien\\">Banken</a></td><td class=\\"value\\">10,71 EUR</td><td class=\\"absolute negativeNumber\\">-0,26 EUR</td><td class=\\"relative negativeNumber\\">-2,37 %</td><td class=\\"timestamp small\\">04:57:06</td><td class=\\"exchange small\\">LAS</td><td class=\\"revenue small\\">35.729 EUR</td></tr>"`;

exports[`null-stock 1`] = `"<tr><td class=\\"name\\">Error: Could not load stock</td><td class=\\"category\\">-</td><td class=\\"value\\">-</td><td class=\\"absolute\\">-</td><td class=\\"relative\\">-</td><td class=\\"timestamp small\\">-</td><td class=\\"exchange small\\">-</td><td class=\\"revenue small\\">-</td></tr>"`;
